[
    [
        "\n\nmodule.exports = {\nfoo: foo\n}",
        {
            "start": [
                4,
                1
            ],
            "end": [
                4,
                1
            ]
        }
    ]
]
