[
    [
        "Cannot export a value which is not a function or variable declaration."
    ]
]
