[
    [
        "\nfoo: foo\n",
        {
            "start": [
                10,
                18
            ],
            "end": [
                10,
                18
            ]
        }
    ]
]
