[
    [
        "No acceptable arrow function found which can be converted to a function expression."
    ]
]
