[
    [
        "function  () {\nreturn 'foo';\n}\n\n",
        {
            "start": [
                2,
                16
            ],
            "end": [
                2,
                27
            ]
        }
    ]
]
