[
    [
        "No appropriate string concatenation to convert to template literal"
    ]
]
