[
    [
        "No acceptable function found which can be converted to arrow function."
    ]
]
