[
    [
        "foo: function () {\n    \n}",
        {
            "start": [
                2,
                0
            ],
            "end": [
                5,
                1
            ]
        }
    ]
]
