[
    [
        "function  (test1, test2, test3) {\nvar firstSum = test1 + test2;\n    return firstSum + test3;\n}",
        {
            "start": [
                6,
                17
            ],
            "end": [
                9,
                1
            ]
        }
    ]
]
