[
    [
        "function  () {\nreturn console.log(\"hi\");\n}",
        {
            "start": [
                0,
                0
            ],
            "end": [
                0,
                23
            ]
        }
    ]
]
