[
    [
        "function foo () {\n\n ",
        {
            "start": [
                3,
                0
            ],
            "end": [
                5,
                1
            ]
        }
    ]
]
