[
    [
        "Cannot perform named function conversion on an empty selection."
    ]
]
