{
    "start": {
        "line": 1,
        "column": 0
    },
    "end": {
        "line": 11,
        "column": 11
    }
}
