{
    "start": [
        0,
        0
    ],
    "end": [
        10,
        13
    ]
}
