{
    "_start": {
        "_line": 0,
        "_character": 0
    },
    "_end": {
        "_line": 10,
        "_character": 11
    }
}
