[
    [
        "this.foo",
        {
            "start": [
                26,
                24
            ],
            "end": [
                28,
                13
            ]
        }
    ],
    [
        "\nfoo: {\n                baz: 'quux'\n            },\n\n",
        {
            "start": [
                24,
                4
            ],
            "end": [
                24,
                4
            ]
        }
    ]
]
