[
    [
        "var foo = baz;\n",
        {
            "start": [
                6,
                0
            ],
            "end": [
                6,
                0
            ]
        }
    ]
][
    [
        [
            {
                "value": "foo",
                "coords": {
                    "start": [
                        6,
                        20
                    ],
                    "end": [
                        6,
                        23
                    ]
                }
            }
        ],
        null
    ]
]
