[
    [
        "foo",
        {
            "start": [
                11,
                21
            ],
            "end": [
                11,
                26
            ]
        }
    ],
    [
        "\nlet foo = 7 + 8;\n\n",
        {
            "start": [
                11,
                4
            ],
            "end": [
                11,
                4
            ]
        }
    ]
]
