[
    [
        "{\n    console.log(baz, foo);\n};",
        {
            "start": [
                14,
                19
            ],
            "end": [
                16,
                1
            ]
        }
    ],
    [
        "var foo = 7 + 8;\n",
        {
            "start": [
                15,
                0
            ],
            "end": [
                15,
                0
            ]
        }
    ]
]
