[
    [
        "{\n    console.log(baz, foo);\n}",
        {
            "start": [
                10,
                18
            ],
            "end": [
                12,
                1
            ]
        }
    ],
    [
        "var foo = 7 + 8;\n",
        {
            "start": [
                11,
                0
            ],
            "end": [
                11,
                0
            ]
        }
    ]
]
