[
    [
        "foo",
        {
            "start": [
                26,
                24
            ],
            "end": [
                28,
                13
            ]
        }
    ],
    [
        "\nconst foo = {\n                baz: 'quux'\n            };\n",
        {
            "start": [
                25,
                31
            ],
            "end": [
                25,
                31
            ]
        }
    ]
]
