[
    [
        "foo",
        {
            "start": [
                26,
                24
            ],
            "end": [
                28,
                13
            ]
        }
    ],
    [
        "\nvar foo = {\n                baz: 'quux'\n            };\n\n",
        {
            "start": [
                25,
                8
            ],
            "end": [
                25,
                8
            ]
        }
    ]
]
