[
    [
        "Cannot extract an empty selection as a method."
    ]
]
