[
    [
        "Inline variable does not currently support multiline values"
    ]
]
