[
    [
        "Cannot inline an unassigned variable."
    ]
]
