[
    [
        "{\n    var bad;\n\n    console.log(baz, 7 + 8);\n}",
        {
            "start": [
                10,
                18
            ],
            "end": [
                14,
                1
            ]
        }
    ]
]
