[
    [
        "function myNewFunction () {\n\n}\n\n",
        {
            "start": [
                2,
                0
            ],
            "end": [
                2,
                0
            ]
        },
        "[function: anonymous]"
    ]
]
