[
    [
        "function myNewFunction () {\n\n}\n\n",
        {
            "start": [
                10,
                0
            ],
            "end": [
                10,
                0
            ]
        }
    ]
]
