[
    [
        "Unable to find appropriate identifier"
    ]
]
