[
    [
        "Unable to locate acceptable function expression to lift and name"
    ]
]
