[
    [
        "!(foo && bar)",
        {
            "start": [
                6,
                8
            ],
            "end": [
                6,
                18
            ]
        }
    ]
]
