[
    [
        "Negate expression does not support multi-line or mulitple selections"
    ]
]
