[
    [
        "Cannot invert expression outside of an if condition"
    ]
]
