Constructed scope path types: 
[
    "Program",
    "ObjectExpression",
    "FunctionExpression",
    "FunctionExpression"
]
