[
    {
        "type": "Program",
        "initialLine": "'use strict';"
    },
    {
        "type": "ObjectExpression",
        "initialLine": "{"
    },
    {
        "type": "FunctionExpression",
        "initialLine": "function () {"
    },
    {
        "type": "FunctionExpression",
        "initialLine": "function bar (whatever) {"
    }
]
