[
    [
        "try {\nfunction bar (a, b){\n        somethingElse(a + b);\n    }\n} catch (e) {\nconsole.log(e.message);\n}",
        {
            "start": [
                3,
                4
            ],
            "end": [
                5,
                5
            ]
        }
    ]
]
