[
    [
        "\nfunction foo () {\na + b\n}\n\nfoo ();\n",
        {
            "start": [
                4,
                22
            ],
            "end": [
                4,
                27
            ]
        }
    ]
]
